<html>
<body>
<pre>
<h1>µVision Build Log</h1>
<h2>Tool Versions:</h2>
IDE-Version: ¦ÌVision V5.24.2.0
Copyright (C) 2017 ARM Ltd and ARM Germany GmbH. All rights reserved.
License Information: a aaa, aa, LIC=NQQMA-1FVF6-TG87T-R2CLC-B3KTD-93MKV
 
Tool Versions:
Toolchain:       MDK-ARM Plus  Version: 5.24.1
Toolchain Path:  D:\Keil\Keil5\ARM\ARMCC\Bin
C Compiler:      Armcc.exe V5.06 update 5 (build 528)
Assembler:       Armasm.exe V5.06 update 5 (build 528)
Linker/Locator:  ArmLink.exe V5.06 update 5 (build 528)
Library Manager: ArmAr.exe V5.06 update 5 (build 528)
Hex Converter:   FromElf.exe V5.06 update 5 (build 528)
CPU DLL:         SARMCM3.DLL V5.24.1
Dialog DLL:      DCM.DLL V1.16.0.0
Target DLL:      STLink\ST-LINKIII-KEIL_SWO.dll V3.0.1.0
Dialog DLL:      TCM.DLL V1.32.0.0
 
<h2>Project:</h2>
D:\Project\SmartHome\MDK-ARM\SmartHome.uvprojx
Project File Date:  08/23/2026

<h2>Output:</h2>
*** Using Compiler 'V5.06 update 5 (build 528)', folder: 'D:\Keil\Keil5\ARM\ARMCC\Bin'
Build target 'SmartHome'
compiling adc.c...
compiling stm32f1xx_it.c...
compiling i2c.c...
compiling tim.c...
compiling gpio.c...
compiling stm32f1xx_hal_msp.c...
compiling main.c...
compiling freertos.c...
compiling usart.c...
compiling stm32f1xx_hal_timebase_tim.c...
compiling stm32f1xx_hal.c...
compiling stm32f1xx_hal_gpio_ex.c...
compiling stm32f1xx_hal_rcc_ex.c...
compiling stm32f1xx_hal_adc_ex.c...
compiling stm32f1xx_hal_adc.c...
compiling stm32f1xx_hal_rcc.c...
compiling stm32f1xx_hal_dma.c...
compiling stm32f1xx_hal_pwr.c...
compiling stm32f1xx_hal_exti.c...
compiling stm32f1xx_hal_cortex.c...
compiling stm32f1xx_hal_gpio.c...
compiling stm32f1xx_hal_flash_ex.c...
compiling stm32f1xx_hal_flash.c...
compiling stm32f1xx_hal_i2c.c...
compiling system_stm32f1xx.c...
compiling buzzer.c...
compiling key.c...
compiling app.c...
compiling stm32f1xx_hal_tim_ex.c...
compiling led.c...
compiling stm32f1xx_hal_uart.c...
compiling stm32f1xx_hal_tim.c...
compiling sensor.c...
compiling motor.c...
compiling oled.c...
compiling dht11.c...
..\User\BSP\dht11.c(45): warning:  #188-D: enumerated type mixed with another type
    HAL_GPIO_WritePin(
HT11_PORT, 
HT11_PIN, RESET);      // æ‹‰ä½Ž
..\User\BSP\dht11.c(47): warning:  #188-D: enumerated type mixed with another type
    HAL_GPIO_WritePin(
HT11_PORT, 
HT11_PIN, SET);        // æ‹‰é«˜
..\User\BSP\dht11.c: 2 warnings, 0 errors
compiling esp32_protocol.c...
compiling light.c...
compiling servo.c...
compiling debug.c...
compiling delay.c...
compiling Uart_task.c...
..\User\Tasks\Uart_task.c(115): warning:  #177-D: variable "humi"  was declared but never referenced
          uint8_t humi  = data_t.humi;
..\User\Tasks\Uart_task.c(27): warning:  #177-D: variable "uart_rx_buf"  was declared but never referenced
  static uint8_t uart_rx_buf[64];
..\User\Tasks\Uart_task.c: 2 warnings, 0 errors
compiling Alarm_task.c...
compiling Control_task.c...
..\User\Tasks\Control_task.h(10): warning:  #1-D: last line of file ends without a newline
  #endif /* __CONTROL_TASK_H */
..\User\Tasks\Control_task.c: 1 warning, 0 errors
compiling Sensor_task.c...
..\User\Tasks\Sensor_task.c(44): warning:  #223-D: function "Door_GetStatus" declared implicitly
          data_t.door = Door_GetStatus();
..\User\Tasks\Sensor_task.c(43): warning:  #177-D: variable "door"  was declared but never referenced
          uint8_t door;
..\User\Tasks\Sensor_task.c(49): warning:  #1-D: last line of file ends without a newline
  }
..\User\Tasks\Sensor_task.c: 3 warnings, 0 errors
compiling Display_task.c...
linking...
Program Size: Code=19708 RO-data=2400 RW-data=152 ZI-data=11072  
FromELF: creating hex file...
"SmartHome\SmartHome.axf" - 0 Error(s), 8 Warning(s).

<h2>Software Packages used:</h2>

Package Vendor: ARM
                http://www.keil.com/pack/ARM.CMSIS.5.0.1.pack
                ARM.CMSIS.5.0.1
                CMSIS (Cortex Microcontroller Software Interface Standard)
   * Component: CORE Version: 5.0.1

Package Vendor: Keil
                http://www.keil.com/pack/Keil.STM32F1xx_DFP.2.2.0.pack
                Keil.STM32F1xx_DFP.2.2.0
                STMicroelectronics STM32F1 Series Device Support, Drivers and Examples

<h2>Collection of Component include folders:</h2>
  .\RTE\_SmartHome
  D:\Keil\Keil5\ARM\PACK\ARM\CMSIS\5.0.1\CMSIS\Include
  D:\Keil\Keil5\ARM\PACK\Keil\STM32F1xx_DFP\2.2.0\Device\Include

<h2>Collection of Component Files used:</h2>

   * Component: ARM::CMSIS:CORE:5.0.1
Build Time Elapsed:  00:00:15
</pre>
</body>
</html>
